// Vitest Snapshot v1

exports[`Logo 1`] = `
<nuxtlink
  to="/"
>
  <v-toolbar-title
    class="w-64"
  >
     amplify-nuxt3-sample 
  </v-toolbar-title>
</nuxtlink>
`;
